	DICT	{
impl	DICT	{
impl.foo	NUM	2
impl	DICT	}
	DICT	}
