At line 3.2 Assertion failed left == right:
left:  3.0
right: 2.0

Error occurred.
