	DICT	{
dict	DICT	{
dict.bar	STR	"value"
dict.foo	STR	"value"
dict	DICT	}
	DICT	}
