At line 1.10 On right side of ==
Error: "test"

Error occurred.
