Failed to parse "invalid-local.ecl": ParseError { typ: Unexpected(1.11, Add, []), msg: "parsing local var" }

Error occured.
