{
  "bool": false,
  "dict": {
    "list": [
      1.0,
      2.0,
      3.0
    ],
    "nil_": null
  },
  "num": 1.0
}
